env: load .env
env: export EXPO_PUBLIC_SUPABASE_ANON_KEY EXPO_PUBLIC_SUPABASE_URL
› Port 8081 is being used by another process
Input is required, but 'npx expo' is in non-interactive mode.
Required input:
> Use port 8082 instead?
› Skipping dev server
› Building app...
Starting a Gradle Daemon, 1 incompatible and 15 stopped Daemons could not be reused, use --status for details
Configuration on demand is an incubating feature.
> Task :expo-gradle-plugin:expo-autolinking-plugin-shared:checkKotlinGradlePluginConfigurationErrors SKIPPED
> Task :gradle-plugin:settings-plugin:checkKotlinGradlePluginConfigurationErrors SKIPPED
> Task :expo-gradle-plugin:expo-autolinking-settings-plugin:checkKotlinGradlePluginConfigurationErrors SKIPPED
> Task :gradle-plugin:shared:checkKotlinGradlePluginConfigurationErrors SKIPPED
> Task :gradle-plugin:settings-plugin:pluginDescriptors UP-TO-DATE
> Task :expo-gradle-plugin:expo-autolinking-settings-plugin:pluginDescriptors
> Task :gradle-plugin:settings-plugin:processResources
> Task :expo-gradle-plugin:expo-autolinking-settings-plugin:processResources
> Task :gradle-plugin:shared:compileKotlin UP-TO-DATE
> Task :gradle-plugin:shared:compileJava NO-SOURCE
> Task :gradle-plugin:shared:processResources NO-SOURCE
> Task :gradle-plugin:shared:classes UP-TO-DATE
> Task :gradle-plugin:shared:jar
> Task :gradle-plugin:settings-plugin:compileKotlin UP-TO-DATE
> Task :gradle-plugin:settings-plugin:compileJava NO-SOURCE
> Task :gradle-plugin:settings-plugin:classes
> Task :gradle-plugin:settings-plugin:jar
> Task :expo-gradle-plugin:expo-autolinking-plugin-shared:processResources NO-SOURCE
> Task :expo-gradle-plugin:expo-autolinking-plugin-shared:compileKotlin
> Task :expo-gradle-plugin:expo-autolinking-plugin-shared:compileJava NO-SOURCE
> Task :expo-gradle-plugin:expo-autolinking-plugin-shared:classes UP-TO-DATE
> Task :expo-gradle-plugin:expo-autolinking-plugin-shared:jar
> Task :expo-gradle-plugin:expo-autolinking-settings-plugin:compileKotlin
> Task :expo-gradle-plugin:expo-autolinking-settings-plugin:compileJava NO-SOURCE
> Task :expo-gradle-plugin:expo-autolinking-settings-plugin:classes
> Task :expo-gradle-plugin:expo-autolinking-settings-plugin:jar
> Task :expo-module-gradle-plugin:checkKotlinGradlePluginConfigurationErrors SKIPPED
> Task :expo-gradle-plugin:expo-autolinking-plugin:checkKotlinGradlePluginConfigurationErrors SKIPPED
> Task :expo-gradle-plugin:expo-max-sdk-override-plugin:checkKotlinGradlePluginConfigurationErrors SKIPPED
> Task :gradle-plugin:react-native-gradle-plugin:checkKotlinGradlePluginConfigurationErrors SKIPPED
> Task :expo-module-gradle-plugin:pluginDescriptors
> Task :expo-module-gradle-plugin:processResources
> Task :gradle-plugin:react-native-gradle-plugin:compileKotlin UP-TO-DATE
> Task :gradle-plugin:react-native-gradle-plugin:compileJava NO-SOURCE
> Task :gradle-plugin:react-native-gradle-plugin:pluginDescriptors UP-TO-DATE
> Task :gradle-plugin:react-native-gradle-plugin:processResources
> Task :gradle-plugin:react-native-gradle-plugin:classes
> Task :expo-gradle-plugin:expo-autolinking-plugin:pluginDescriptors
> Task :expo-gradle-plugin:expo-max-sdk-override-plugin:pluginDescriptors
> Task :expo-gradle-plugin:expo-autolinking-plugin:processResources
> Task :expo-gradle-plugin:expo-max-sdk-override-plugin:processResources
> Task :gradle-plugin:react-native-gradle-plugin:jar

> Task :expo-module-gradle-plugin:compileKotlin
w: file:///C:/Users/hp/idea/MyApp/node_modules/expo-modules-core/expo-module-gradle-plugin/src/main/kotlin/expo/modules/plugin/android/AndroidLibraryExtension.kt:9:24 'var targetSdk: Int?' is deprecated. Will be removed from library DSL in v9.0. Use testOptions.targetSdk or/and lint.targetSdk instead.

> Task :expo-gradle-plugin:expo-max-sdk-override-plugin:compileKotlin
> Task :expo-gradle-plugin:expo-autolinking-plugin:compileKotlin
> Task :expo-gradle-plugin:expo-autolinking-plugin:compileJava NO-SOURCE
> Task :expo-gradle-plugin:expo-max-sdk-override-plugin:compileJava NO-SOURCE
> Task :expo-gradle-plugin:expo-autolinking-plugin:classes
> Task :expo-gradle-plugin:expo-max-sdk-override-plugin:classes
> Task :expo-gradle-plugin:expo-autolinking-plugin:jar
> Task :expo-gradle-plugin:expo-max-sdk-override-plugin:jar
> Task :expo-module-gradle-plugin:compileJava NO-SOURCE
> Task :expo-module-gradle-plugin:classes
> Task :expo-module-gradle-plugin:jar

> Configure project :
[32m[ExpoRootProject][0m Using the following versions:
  - buildTools:  [32m36.0.0[0m
  - minSdk:      [32m24[0m
  - compileSdk:  [32m36[0m
  - targetSdk:   [32m36[0m
  - ndk:         [32m27.1.12297006[0m
  - kotlin:      [32m2.1.20[0m
  - ksp:         [32m2.1.20-2.0.1[0m

> Configure project :app
 ??  [33mApplying gradle plugin[0m '[32mexpo-max-sdk-override-plugin[0m'
  [expo-max-sdk-override-plugin] This plugin will find all permissions declared with `android:maxSdkVersion`. If there exists a declaration with the `android:maxSdkVersion` annotation and another one without, the plugin will remove the annotation from the final merged manifest. In order to see a log with the changes run a clean build of the app.

> Configure project :expo

Using expo modules
  - [32mexpo-log-box[0m (57.0.2)
  - [32mexpo-constants[0m (57.0.8)

> Configure project :expo-modules-core
Linking react-native-worklets native libs into expo-modules-core build tasks
task ':react-native-worklets:mergeDebugNativeLibs'
task ':react-native-worklets:mergeReleaseNativeLibs'

> Configure project :expo
  - [32mexpo-modules-core[0m (57.0.8)
  - [33m[?][0m [32mexpo-dom-webview[0m (57.0.1)
  - [33m[?][0m [32mexpo-ui[0m (57.0.8)
  - [33m[?][0m [32mexpo-application[0m (57.0.2)
  - [33m[?][0m [32mexpo-asset[0m (57.0.8)
  - [33m[?][0m [32mexpo-camera[0m (57.0.3)
  - [33m[?][0m [32mexpo-clipboard[0m (57.0.1)
  - [33m[?][0m [32mexpo-crypto[0m (57.0.1)
  - [33m[?][0m [32mexpo-device[0m (57.0.1)
  - [33m[?][0m [32mexpo-file-system[0m (57.0.1)
  - [33m[?][0m [32mexpo-font[0m (57.0.1)
  - [33m[?][0m [32mexpo-image[0m (57.0.1)
  - [33m[?][0m [32mexpo-image-loader[0m (57.0.1)
  - [33m[?][0m [32mexpo-image-picker[0m (57.0.7)
  - [33m[?][0m [32mexpo-keep-awake[0m (57.0.1)
  - [33m[?][0m [32mexpo-linking[0m (57.0.4)
  - [33m[?][0m [32mexpo-local-authentication[0m (57.0.2)
  - [33m[?][0m [32mexpo-router[0m (57.0.9)
  - [33m[?][0m [32mexpo-screen-capture[0m (57.0.1)
  - [33m[?][0m [32mexpo-secure-store[0m (57.0.1)
  - [33m[?][0m [32mexpo-splash-screen[0m (57.0.5)
  - [33m[?][0m [32mexpo-status-bar[0m (57.0.1)
  - [33m[?][0m [32mexpo-system-ui[0m (57.0.2)
  - [33m[?][0m [32mexpo-web-browser[0m (57.0.2)


> Configure project :react-native-vision-camera
[VisionCamera] Thank you for using VisionCamera ??
[VisionCamera] If you enjoy using VisionCamera, please consider sponsoring this project: https://github.com/sponsors/mrousavy
[VisionCamera] node_modules found at C:\Users\hp\idea\MyApp\node_modules
[VisionCamera] VisionCamera_enableFrameProcessors is set to true!
[VisionCamera] react-native-worklets-core found, Frame Processors are enabled!
[VisionCamera] VisionCamera_enableCodeScanner is set to false!

> Task :react-native-masked-view_masked-view:preBuild UP-TO-DATE
> Task :expo-log-box:preBuild UP-TO-DATE
> Task :expo-modules-core:preBuild UP-TO-DATE
> Task :expo-log-box:preDebugBuild UP-TO-DATE
> Task :expo-modules-core:preDebugBuild UP-TO-DATE
> Task :react-native-masked-view_masked-view:preDebugBuild UP-TO-DATE
> Task :expo-log-box:writeDebugAarMetadata UP-TO-DATE
> Task :react-native-masked-view_masked-view:writeDebugAarMetadata UP-TO-DATE
> Task :expo:generatePackagesList UP-TO-DATE
> Task :expo-modules-core:writeDebugAarMetadata UP-TO-DATE
> Task :expo:preBuild UP-TO-DATE
> Task :expo:preDebugBuild UP-TO-DATE
> Task :expo:writeDebugAarMetadata UP-TO-DATE
> Task :vision-camera-face-detector:preBuild UP-TO-DATE
> Task :vision-camera-face-detector:preDebugBuild UP-TO-DATE
> Task :vision-camera-face-detector:writeDebugAarMetadata UP-TO-DATE
> Task :expo:generateDebugResValues UP-TO-DATE
> Task :react-native-gesture-handler:generateCodegenSchemaFromJavaScript UP-TO-DATE
> Task :app:generateAutolinkingNewArchitectureFiles UP-TO-DATE
> Task :react-native-safe-area-context:generateCodegenSchemaFromJavaScript UP-TO-DATE
> Task :react-native-worklets-core:generateCodegenSchemaFromJavaScript UP-TO-DATE
> Task :react-native-async-storage_async-storage:generateCodegenSchemaFromJavaScript UP-TO-DATE
> Task :react-native-svg:generateCodegenSchemaFromJavaScript UP-TO-DATE
> Task :react-native-gesture-handler:generateCodegenArtifactsFromSchema UP-TO-DATE
> Task :react-native-gesture-handler:preBuild UP-TO-DATE
> Task :react-native-screens:generateCodegenSchemaFromJavaScript UP-TO-DATE
> Task :react-native-gesture-handler:preDebugBuild UP-TO-DATE
> Task :expo:generateDebugResources UP-TO-DATE
> Task :react-native-worklets-core:generateCodegenArtifactsFromSchema UP-TO-DATE
> Task :react-native-gesture-handler:writeDebugAarMetadata UP-TO-DATE
> Task :app:generateAutolinkingPackageList UP-TO-DATE
> Task :react-native-async-storage_async-storage:generateCodegenArtifactsFromSchema UP-TO-DATE
> Task :react-native-async-storage_async-storage:preBuild UP-TO-DATE
> Task :expo-log-box:generateDebugResValues UP-TO-DATE
> Task :react-native-safe-area-context:generateCodegenArtifactsFromSchema UP-TO-DATE
> Task :react-native-safe-area-context:preBuild UP-TO-DATE
> Task :app:generateCodegenSchemaFromJavaScript SKIPPED
> Task :react-native-safe-area-context:preDebugBuild UP-TO-DATE
> Task :app:generateCodegenArtifactsFromSchema SKIPPED
> Task :expo-log-box:generateDebugResources UP-TO-DATE
> Task :react-native-svg:generateCodegenArtifactsFromSchema UP-TO-DATE
> Task :react-native-svg:preBuild UP-TO-DATE
> Task :react-native-svg:preDebugBuild UP-TO-DATE
> Task :app:generateReactNativeEntryPoint UP-TO-DATE
> Task :app:preBuild UP-TO-DATE
> Task :app:preDebugBuild UP-TO-DATE
> Task :react-native-async-storage_async-storage:preDebugBuild UP-TO-DATE
> Task :react-native-svg:writeDebugAarMetadata UP-TO-DATE
> Task :expo:packageDebugResources UP-TO-DATE
> Task :app:mergeDebugNativeDebugMetadata NO-SOURCE
> Task :app:checkKotlinGradlePluginConfigurationErrors SKIPPED
> Task :expo-log-box:packageDebugResources UP-TO-DATE
> Task :react-native-async-storage_async-storage:writeDebugAarMetadata UP-TO-DATE
> Task :react-native-safe-area-context:writeDebugAarMetadata UP-TO-DATE
> Task :expo-modules-core:generateDebugResValues UP-TO-DATE
> Task :react-native-masked-view_masked-view:generateDebugResValues UP-TO-DATE
> Task :react-native-gesture-handler:generateDebugResValues UP-TO-DATE
> Task :expo-modules-core:generateDebugResources UP-TO-DATE
> Task :react-native-masked-view_masked-view:generateDebugResources UP-TO-DATE
> Task :react-native-async-storage_async-storage:generateDebugResValues UP-TO-DATE
> Task :react-native-safe-area-context:generateDebugResValues UP-TO-DATE
> Task :react-native-gesture-handler:generateDebugResources UP-TO-DATE
> Task :react-native-screens:generateCodegenArtifactsFromSchema UP-TO-DATE
> Task :react-native-safe-area-context:generateDebugResources UP-TO-DATE
> Task :react-native-async-storage_async-storage:generateDebugResources UP-TO-DATE
> Task :expo-modules-core:packageDebugResources UP-TO-DATE
> Task :react-native-screens:preBuild UP-TO-DATE
> Task :app:generateDebugBuildConfig UP-TO-DATE
> Task :react-native-screens:preDebugBuild UP-TO-DATE
> Task :react-native-svg:generateDebugResValues UP-TO-DATE
> Task :react-native-gesture-handler:packageDebugResources UP-TO-DATE
> Task :react-native-screens:writeDebugAarMetadata UP-TO-DATE
> Task :app:generateDebugResValues UP-TO-DATE
> Task :react-native-screens:generateDebugResValues UP-TO-DATE
> Task :vision-camera-face-detector:generateDebugResValues UP-TO-DATE
> Task :react-native-async-storage_async-storage:packageDebugResources UP-TO-DATE
> Task :vision-camera-face-detector:generateDebugResources UP-TO-DATE
> Task :expo:extractDeepLinksDebug UP-TO-DATE
> Task :react-native-safe-area-context:packageDebugResources UP-TO-DATE
> Task :expo-log-box:extractDeepLinksDebug UP-TO-DATE
> Task :vision-camera-face-detector:packageDebugResources UP-TO-DATE
> Task :expo-modules-core:extractDeepLinksDebug UP-TO-DATE
> Task :expo:processDebugManifest UP-TO-DATE
> Task :expo-log-box:processDebugManifest UP-TO-DATE
> Task :app:generateDebugResources UP-TO-DATE
> Task :react-native-gesture-handler:extractDeepLinksDebug UP-TO-DATE
> Task :react-native-async-storage_async-storage:extractDeepLinksDebug UP-TO-DATE
> Task :expo-modules-core:processDebugManifest UP-TO-DATE
> Task :react-native-safe-area-context:extractDeepLinksDebug UP-TO-DATE
> Task :react-native-gesture-handler:processDebugManifest UP-TO-DATE
> Task :react-native-safe-area-context:processDebugManifest UP-TO-DATE
> Task :vision-camera-face-detector:extractDeepLinksDebug UP-TO-DATE
> Task :expo:compileDebugLibraryResources UP-TO-DATE
> Task :vision-camera-face-detector:processDebugManifest UP-TO-DATE
> Task :react-native-svg:generateDebugResources UP-TO-DATE
> Task :react-native-screens:generateDebugResources UP-TO-DATE
> Task :react-native-masked-view_masked-view:packageDebugResources UP-TO-DATE
> Task :expo-log-box:compileDebugLibraryResources UP-TO-DATE
> Task :react-native-async-storage_async-storage:processDebugManifest UP-TO-DATE
> Task :react-native-masked-view_masked-view:extractDeepLinksDebug UP-TO-DATE
> Task :react-native-worklets-core:prepareHeaders
> Task :react-native-worklets-core:preBuild
> Task :react-native-worklets-core:preDebugBuild
> Task :react-native-worklets-core:writeDebugAarMetadata UP-TO-DATE
> Task :expo-modules-core:compileDebugLibraryResources UP-TO-DATE
> Task :react-native-worklets-core:generateDebugResValues UP-TO-DATE
> Task :react-native-svg:packageDebugResources UP-TO-DATE
> Task :react-native-screens:packageDebugResources UP-TO-DATE
> Task :react-native-worklets-core:generateDebugResources UP-TO-DATE
> Task :react-native-screens:extractDeepLinksDebug UP-TO-DATE
> Task :app:packageDebugResources UP-TO-DATE
> Task :react-native-svg:extractDeepLinksDebug UP-TO-DATE
> Task :react-native-masked-view_masked-view:processDebugManifest UP-TO-DATE
> Task :react-native-worklets-core:packageDebugResources UP-TO-DATE
> Task :react-native-async-storage_async-storage:compileDebugLibraryResources UP-TO-DATE
> Task :react-native-screens:processDebugManifest UP-TO-DATE
> Task :react-native-svg:processDebugManifest UP-TO-DATE
> Task :react-native-gesture-handler:compileDebugLibraryResources UP-TO-DATE
> Task :react-native-worklets-core:extractDeepLinksDebug UP-TO-DATE
> Task :expo-log-box:parseDebugLocalResources UP-TO-DATE
> Task :expo:parseDebugLocalResources UP-TO-DATE
> Task :app:parseDebugLocalResources UP-TO-DATE
> Task :expo-modules-core:parseDebugLocalResources UP-TO-DATE
> Task :react-native-async-storage_async-storage:parseDebugLocalResources UP-TO-DATE
> Task :app:createDebugCompatibleScreenManifests UP-TO-DATE
> Task :react-native-gesture-handler:parseDebugLocalResources UP-TO-DATE
> Task :app:extractDeepLinksDebug UP-TO-DATE
> Task :react-native-worklets-core:processDebugManifest UP-TO-DATE
> Task :expo-modules-core:generateDebugRFile UP-TO-DATE
> Task :react-native-async-storage_async-storage:generateDebugRFile UP-TO-DATE
> Task :expo:generateDebugRFile UP-TO-DATE
> Task :expo-log-box:generateDebugRFile UP-TO-DATE
> Task :expo:checkKotlinGradlePluginConfigurationErrors SKIPPED
> Task :react-native-masked-view_masked-view:compileDebugLibraryResources UP-TO-DATE
> Task :react-native-svg:compileDebugLibraryResources UP-TO-DATE
> Task :react-native-worklets-core:compileDebugLibraryResources UP-TO-DATE
> Task :vision-camera-face-detector:compileDebugLibraryResources UP-TO-DATE
> Task :expo:generateDebugBuildConfig UP-TO-DATE
> Task :react-native-gesture-handler:generateDebugRFile UP-TO-DATE
> Task :expo-modules-core:checkKotlinGradlePluginConfigurationErrors SKIPPED
> Task :expo-log-box:checkKotlinGradlePluginConfigurationErrors SKIPPED
> Task :react-native-screens:compileDebugLibraryResources UP-TO-DATE
> Task :react-native-masked-view_masked-view:parseDebugLocalResources UP-TO-DATE
> Task :react-native-svg:parseDebugLocalResources UP-TO-DATE
> Task :vision-camera-face-detector:parseDebugLocalResources UP-TO-DATE
> Task :expo-modules-core:generateDebugBuildConfig UP-TO-DATE
> Task :expo-log-box:generateDebugBuildConfig UP-TO-DATE
> Task :react-native-safe-area-context:compileDebugLibraryResources UP-TO-DATE
> Task :react-native-worklets-core:parseDebugLocalResources UP-TO-DATE
> Task :react-native-screens:parseDebugLocalResources UP-TO-DATE
> Task :react-native-safe-area-context:parseDebugLocalResources UP-TO-DATE
> Task :react-native-screens:generateDebugRFile UP-TO-DATE
> Task :react-native-worklets-core:generateDebugRFile UP-TO-DATE
> Task :react-native-svg:generateDebugRFile UP-TO-DATE
> Task :react-native-masked-view_masked-view:generateDebugRFile UP-TO-DATE
> Task :react-native-gesture-handler:checkKotlinGradlePluginConfigurationErrors SKIPPED
> Task :vision-camera-face-detector:generateDebugRFile UP-TO-DATE
> Task :react-native-gesture-handler:generateDebugBuildConfig UP-TO-DATE
> Task :expo:javaPreCompileDebug UP-TO-DATE
> Task :react-native-async-storage_async-storage:generateDebugBuildConfig UP-TO-DATE
> Task :react-native-svg:generateDebugBuildConfig UP-TO-DATE
> Task :expo-log-box:javaPreCompileDebug UP-TO-DATE
> Task :react-native-screens:checkKotlinGradlePluginConfigurationErrors SKIPPED
> Task :expo-modules-core:javaPreCompileDebug UP-TO-DATE
> Task :react-native-gesture-handler:javaPreCompileDebug UP-TO-DATE
> Task :react-native-async-storage_async-storage:javaPreCompileDebug UP-TO-DATE
> Task :react-native-masked-view_masked-view:generateDebugBuildConfig UP-TO-DATE
> Task :react-native-svg:javaPreCompileDebug UP-TO-DATE
> Task :react-native-screens:generateDebugBuildConfig UP-TO-DATE
> Task :react-native-safe-area-context:generateDebugRFile UP-TO-DATE
> Task :react-native-safe-area-context:checkKotlinGradlePluginConfigurationErrors SKIPPED
> Task :app:javaPreCompileDebug UP-TO-DATE
> Task :react-native-worklets-core:generateDebugBuildConfig UP-TO-DATE
> Task :react-native-masked-view_masked-view:javaPreCompileDebug UP-TO-DATE
> Task :vision-camera-face-detector:generateDebugBuildConfig UP-TO-DATE
> Task :vision-camera-face-detector:javaPreCompileDebug UP-TO-DATE
> Task :react-native-worklets-core:javaPreCompileDebug UP-TO-DATE
> Task :react-native-safe-area-context:generateDebugBuildConfig UP-TO-DATE
> Task :app:mergeDebugShaders UP-TO-DATE
> Task :expo:mergeDebugShaders UP-TO-DATE
> Task :app:compileDebugShaders NO-SOURCE
> Task :app:generateDebugAssets UP-TO-DATE
> Task :expo:compileDebugShaders NO-SOURCE
> Task :expo:generateDebugAssets UP-TO-DATE
> Task :expo-log-box:mergeDebugShaders UP-TO-DATE
> Task :expo:mergeDebugAssets UP-TO-DATE
> Task :expo-log-box:compileDebugShaders NO-SOURCE
> Task :expo-log-box:generateDebugAssets UP-TO-DATE
> Task :expo-modules-core:mergeDebugShaders UP-TO-DATE
> Task :expo-modules-core:compileDebugShaders NO-SOURCE
> Task :expo-modules-core:generateDebugAssets UP-TO-DATE
> Task :expo-log-box:mergeDebugAssets UP-TO-DATE
> Task :expo-modules-core:mergeDebugAssets UP-TO-DATE
> Task :react-native-gesture-handler:mergeDebugShaders UP-TO-DATE
> Task :vision-camera-face-detector:mergeDebugShaders UP-TO-DATE
> Task :react-native-gesture-handler:compileDebugShaders NO-SOURCE
> Task :react-native-gesture-handler:generateDebugAssets UP-TO-DATE
> Task :vision-camera-face-detector:compileDebugShaders NO-SOURCE
> Task :vision-camera-face-detector:generateDebugAssets UP-TO-DATE
> Task :react-native-gesture-handler:mergeDebugAssets UP-TO-DATE
> Task :app:desugarDebugFileDependencies UP-TO-DATE
> Task :vision-camera-face-detector:mergeDebugAssets UP-TO-DATE
> Task :vision-camera-face-detector:processDebugJavaRes NO-SOURCE
> Task :expo:mergeDebugJniLibFolders UP-TO-DATE
> Task :expo:mergeDebugNativeLibs NO-SOURCE
> Task :expo:copyDebugJniLibsProjectOnly UP-TO-DATE
> Task :expo-log-box:mergeDebugJniLibFolders UP-TO-DATE
> Task :expo-log-box:mergeDebugNativeLibs NO-SOURCE
> Task :expo-log-box:copyDebugJniLibsProjectOnly UP-TO-DATE
> Task :expo-modules-core:mergeDebugJniLibFolders UP-TO-DATE
> Task :react-native-gesture-handler:mergeDebugJniLibFolders UP-TO-DATE
> Task :vision-camera-face-detector:mergeDebugJniLibFolders UP-TO-DATE
> Task :vision-camera-face-detector:mergeDebugNativeLibs NO-SOURCE
> Task :vision-camera-face-detector:copyDebugJniLibsProjectOnly UP-TO-DATE
> Task :react-native-worklets:assertMinimalReactNativeVersionTask
> Task :react-native-worklets:generateCodegenSchemaFromJavaScript UP-TO-DATE
> Task :react-native-worklets:generateCodegenArtifactsFromSchema UP-TO-DATE
> Task :react-native-reanimated:assertMinimalReactNativeVersionTask
> Task :react-native-worklets:prepareWorkletsHeadersForPrefabs
> Task :react-native-worklets:preBuild
> Task :react-native-worklets:preDebugBuild
> Task :react-native-worklets:writeDebugAarMetadata UP-TO-DATE
> Task :react-native-worklets:generateDebugResValues UP-TO-DATE
> Task :react-native-worklets:generateDebugResources UP-TO-DATE
> Task :react-native-worklets:packageDebugResources UP-TO-DATE
> Task :react-native-worklets:extractDeepLinksDebug UP-TO-DATE
> Task :react-native-worklets:processDebugManifest UP-TO-DATE
> Task :react-native-worklets:compileDebugLibraryResources UP-TO-DATE
> Task :react-native-worklets:parseDebugLocalResources UP-TO-DATE
> Task :react-native-worklets:generateDebugRFile UP-TO-DATE
> Task :react-native-worklets:checkKotlinGradlePluginConfigurationErrors SKIPPED
> Task :react-native-worklets:generateDebugBuildConfig UP-TO-DATE
> Task :expo-constants:createExpoConfig
> Task :expo-constants:preBuild
> Task :expo-constants:preDebugBuild
> Task :expo-constants:writeDebugAarMetadata UP-TO-DATE
> Task :expo-constants:generateDebugResValues UP-TO-DATE
> Task :expo-constants:generateDebugResources UP-TO-DATE
> Task :expo-constants:packageDebugResources UP-TO-DATE
> Task :expo-constants:extractDeepLinksDebug UP-TO-DATE
> Task :expo-constants:processDebugManifest UP-TO-DATE
> Task :expo-constants:compileDebugLibraryResources UP-TO-DATE
> Task :expo-constants:parseDebugLocalResources UP-TO-DATE
> Task :expo-constants:generateDebugRFile UP-TO-DATE
> Task :expo-constants:checkKotlinGradlePluginConfigurationErrors SKIPPED
> Task :expo-constants:generateDebugBuildConfig UP-TO-DATE
> Task :expo-constants:javaPreCompileDebug UP-TO-DATE
> Task :react-native-reanimated:assertWorkletsVersionTask
> Task :expo-constants:mergeDebugShaders UP-TO-DATE
> Task :react-native-worklets:compileDebugKotlin UP-TO-DATE
> Task :react-native-safe-area-context:compileDebugKotlin UP-TO-DATE
> Task :expo-constants:compileDebugShaders NO-SOURCE
> Task :expo-constants:generateDebugAssets UP-TO-DATE
> Task :react-native-worklets:javaPreCompileDebug UP-TO-DATE
> Task :react-native-safe-area-context:javaPreCompileDebug UP-TO-DATE
> Task :expo-constants:mergeDebugAssets UP-TO-DATE
> Task :app:checkDebugDuplicateClasses UP-TO-DATE
> Task :react-native-screens:compileDebugKotlin UP-TO-DATE
> Task :expo-constants:mergeDebugJniLibFolders UP-TO-DATE
> Task :react-native-reanimated:generateCodegenSchemaFromJavaScript UP-TO-DATE
> Task :react-native-screens:javaPreCompileDebug UP-TO-DATE
> Task :expo-constants:mergeDebugNativeLibs NO-SOURCE
> Task :expo-constants:copyDebugJniLibsProjectOnly UP-TO-DATE
> Task :react-native-worklets:compileDebugJavaWithJavac UP-TO-DATE
> Task :react-native-safe-area-context:compileDebugJavaWithJavac UP-TO-DATE
> Task :react-native-worklets:bundleLibCompileToJarDebug UP-TO-DATE
> Task :react-native-safe-area-context:bundleLibCompileToJarDebug UP-TO-DATE
> Task :react-native-reanimated:generateCodegenArtifactsFromSchema UP-TO-DATE
> Task :react-native-safe-area-context:mergeDebugShaders UP-TO-DATE
> Task :react-native-screens:compileDebugJavaWithJavac UP-TO-DATE
> Task :react-native-safe-area-context:compileDebugShaders NO-SOURCE
> Task :react-native-safe-area-context:generateDebugAssets UP-TO-DATE
> Task :react-native-screens:bundleLibCompileToJarDebug UP-TO-DATE
> Task :react-native-screens:mergeDebugShaders UP-TO-DATE
> Task :react-native-safe-area-context:mergeDebugAssets UP-TO-DATE
> Task :react-native-screens:compileDebugShaders NO-SOURCE
> Task :react-native-screens:generateDebugAssets UP-TO-DATE
> Task :react-native-screens:mergeDebugAssets UP-TO-DATE
> Task :react-native-worklets:mergeDebugShaders UP-TO-DATE
> Task :react-native-safe-area-context:bundleLibRuntimeToJarDebug UP-TO-DATE
> Task :react-native-worklets:compileDebugShaders NO-SOURCE
> Task :react-native-worklets:generateDebugAssets UP-TO-DATE
> Task :react-native-worklets:mergeDebugAssets UP-TO-DATE
> Task :react-native-screens:bundleLibRuntimeToJarDebug UP-TO-DATE
> Task :react-native-worklets:bundleLibRuntimeToJarDebug UP-TO-DATE
> Task :react-native-safe-area-context:processDebugJavaRes
> Task :react-native-worklets:processDebugJavaRes
> Task :react-native-safe-area-context:bundleLibRuntimeToDirDebug UP-TO-DATE
> Task :react-native-worklets:bundleLibRuntimeToDirDebug UP-TO-DATE

> Task :react-native-vision-camera:generateCodegenSchemaFromJavaScript
No modules to process in combine-js-to-schema-cli. If this is unexpected, please check if you set up your NativeComponent correctly. See combine-js-to-schema.js for how codegen finds modules.

> Task :react-native-screens:processDebugJavaRes
> Task :react-native-screens:bundleLibRuntimeToDirDebug UP-TO-DATE
> Task :react-native-safe-area-context:mergeDebugJniLibFolders UP-TO-DATE
> Task :react-native-safe-area-context:mergeDebugNativeLibs NO-SOURCE
> Task :react-native-safe-area-context:copyDebugJniLibsProjectOnly UP-TO-DATE
> Task :react-native-reanimated:prepareReanimatedHeadersForPrefabs
> Task :react-native-reanimated:preBuild
> Task :react-native-reanimated:preDebugBuild
> Task :react-native-reanimated:writeDebugAarMetadata UP-TO-DATE
> Task :react-native-reanimated:generateDebugResValues UP-TO-DATE
> Task :react-native-reanimated:generateDebugResources UP-TO-DATE
> Task :react-native-reanimated:packageDebugResources UP-TO-DATE
> Task :react-native-reanimated:extractDeepLinksDebug UP-TO-DATE
> Task :react-native-reanimated:processDebugManifest UP-TO-DATE
> Task :react-native-reanimated:compileDebugLibraryResources UP-TO-DATE
> Task :react-native-reanimated:parseDebugLocalResources UP-TO-DATE
> Task :react-native-reanimated:generateDebugRFile UP-TO-DATE
> Task :react-native-reanimated:checkKotlinGradlePluginConfigurationErrors SKIPPED
> Task :react-native-reanimated:generateDebugBuildConfig UP-TO-DATE
> Task :react-native-vision-camera:generateCodegenArtifactsFromSchema
> Task :react-native-vision-camera:prepareHeaders
> Task :react-native-vision-camera:preBuild
> Task :react-native-vision-camera:preDebugBuild
> Task :react-native-vision-camera:writeDebugAarMetadata UP-TO-DATE
> Task :react-native-vision-camera:generateDebugResValues UP-TO-DATE
> Task :react-native-vision-camera:generateDebugResources UP-TO-DATE
> Task :react-native-vision-camera:packageDebugResources UP-TO-DATE
> Task :react-native-vision-camera:extractDeepLinksDebug UP-TO-DATE
> Task :react-native-vision-camera:processDebugManifest UP-TO-DATE
> Task :react-native-vision-camera:compileDebugLibraryResources UP-TO-DATE
> Task :react-native-vision-camera:parseDebugLocalResources UP-TO-DATE
> Task :react-native-vision-camera:generateDebugRFile UP-TO-DATE
> Task :react-native-vision-camera:checkKotlinGradlePluginConfigurationErrors SKIPPED
> Task :react-native-vision-camera:generateDebugBuildConfig UP-TO-DATE
> Task :react-native-vision-camera:javaPreCompileDebug UP-TO-DATE
> Task :react-native-vision-camera:mergeDebugShaders UP-TO-DATE
> Task :react-native-vision-camera:compileDebugShaders NO-SOURCE
> Task :react-native-vision-camera:generateDebugAssets UP-TO-DATE
> Task :react-native-vision-camera:mergeDebugAssets UP-TO-DATE
> Task :react-native-vision-camera:mergeDebugJniLibFolders UP-TO-DATE

> Task :react-native-async-storage_async-storage:compileDebugJavaWithJavac
Note: Some input files use or override a deprecated API.
Note: Recompile with -Xlint:deprecation for details.
Note: C:\Users\hp\idea\MyApp\node_modules\@react-native-async-storage\async-storage\android\src\javaPackage\java\com\reactnativecommunity\asyncstorage\AsyncStoragePackage.java uses unchecked or unsafe operations.
Note: Recompile with -Xlint:unchecked for details.

> Task :react-native-svg:compileDebugJavaWithJavac
Note: Some input files use or override a deprecated API.
Note: Recompile with -Xlint:deprecation for details.
Note: Some input files use unchecked or unsafe operations.
Note: Recompile with -Xlint:unchecked for details.

> Task :react-native-masked-view_masked-view:compileDebugJavaWithJavac
Note: C:\Users\hp\idea\MyApp\node_modules\@react-native-masked-view\masked-view\android\src\main\java\org\reactnative\maskedview\RNCMaskedViewPackage.java uses or overrides a deprecated API.
Note: Recompile with -Xlint:deprecation for details.

> Task :react-native-worklets-core:compileDebugJavaWithJavac
Note: Some input files use or override a deprecated API.
Note: Recompile with -Xlint:deprecation for details.

> Task :app:mergeExtDexDebug
> Task :expo-modules-core:compileDebugKotlin
> Task :react-native-worklets:configureCMakeDebug[x86_64]
> Task :react-native-screens:configureCMakeDebug[x86_64]
> Task :react-native-reanimated:compileDebugKotlin
> Task :react-native-worklets:buildCMakeDebug[x86_64][worklets]
> Task :react-native-masked-view_masked-view:mergeDebugShaders UP-TO-DATE
> Task :react-native-async-storage_async-storage:mergeDebugShaders UP-TO-DATE
> Task :react-native-async-storage_async-storage:compileDebugShaders NO-SOURCE
> Task :react-native-masked-view_masked-view:compileDebugShaders NO-SOURCE
> Task :react-native-async-storage_async-storage:generateDebugAssets UP-TO-DATE
> Task :react-native-masked-view_masked-view:generateDebugAssets UP-TO-DATE
> Task :react-native-masked-view_masked-view:mergeDebugAssets UP-TO-DATE
> Task :react-native-async-storage_async-storage:mergeDebugAssets UP-TO-DATE
> Task :react-native-svg:mergeDebugShaders UP-TO-DATE
> Task :react-native-svg:compileDebugShaders NO-SOURCE
> Task :react-native-svg:generateDebugAssets UP-TO-DATE
> Task :react-native-svg:mergeDebugAssets UP-TO-DATE
> Task :react-native-masked-view_masked-view:bundleLibCompileToJarDebug
> Task :react-native-masked-view_masked-view:bundleLibRuntimeToJarDebug
> Task :react-native-svg:bundleLibRuntimeToJarDebug
> Task :react-native-async-storage_async-storage:processDebugJavaRes NO-SOURCE
> Task :react-native-masked-view_masked-view:processDebugJavaRes NO-SOURCE
> Task :react-native-svg:processDebugJavaRes NO-SOURCE
> Task :react-native-async-storage_async-storage:bundleLibRuntimeToDirDebug
> Task :react-native-async-storage_async-storage:bundleLibCompileToJarDebug
> Task :react-native-svg:bundleLibCompileToJarDebug
> Task :react-native-async-storage_async-storage:bundleLibRuntimeToJarDebug
> Task :react-native-async-storage_async-storage:mergeDebugJniLibFolders UP-TO-DATE
> Task :react-native-async-storage_async-storage:mergeDebugNativeLibs NO-SOURCE
> Task :react-native-async-storage_async-storage:copyDebugJniLibsProjectOnly UP-TO-DATE
> Task :react-native-masked-view_masked-view:mergeDebugJniLibFolders UP-TO-DATE
> Task :react-native-masked-view_masked-view:mergeDebugNativeLibs NO-SOURCE
> Task :react-native-masked-view_masked-view:copyDebugJniLibsProjectOnly UP-TO-DATE
> Task :react-native-masked-view_masked-view:bundleLibRuntimeToDirDebug
> Task :react-native-svg:mergeDebugJniLibFolders UP-TO-DATE
> Task :react-native-svg:mergeDebugNativeLibs NO-SOURCE
> Task :react-native-svg:copyDebugJniLibsProjectOnly UP-TO-DATE
> Task :react-native-svg:bundleLibRuntimeToDirDebug
> Task :react-native-worklets-core:mergeDebugShaders UP-TO-DATE
> Task :react-native-worklets-core:compileDebugShaders NO-SOURCE
> Task :react-native-worklets-core:generateDebugAssets UP-TO-DATE
> Task :react-native-worklets-core:mergeDebugAssets UP-TO-DATE
> Task :react-native-worklets-core:bundleLibCompileToJarDebug
> Task :react-native-worklets-core:bundleLibRuntimeToJarDebug
> Task :react-native-worklets-core:processDebugJavaRes NO-SOURCE
> Task :react-native-worklets-core:bundleLibRuntimeToDirDebug
> Task :expo-modules-core:compileDebugKotlin UP-TO-DATE
> Task :expo-modules-core:compileDebugJavaWithJavac UP-TO-DATE
> Task :expo-modules-core:processDebugJavaRes
> Task :react-native-reanimated:compileDebugKotlin UP-TO-DATE
> Task :react-native-reanimated:javaPreCompileDebug UP-TO-DATE
> Task :react-native-reanimated:compileDebugJavaWithJavac UP-TO-DATE
> Task :react-native-reanimated:mergeDebugShaders UP-TO-DATE
> Task :react-native-reanimated:compileDebugShaders NO-SOURCE
> Task :react-native-reanimated:generateDebugAssets UP-TO-DATE
> Task :react-native-reanimated:mergeDebugAssets UP-TO-DATE
> Task :react-native-reanimated:processDebugJavaRes
> Task :react-native-reanimated:bundleLibRuntimeToJarDebug
> Task :react-native-reanimated:mergeDebugJniLibFolders UP-TO-DATE
> Task :react-native-reanimated:bundleLibCompileToJarDebug
> Task :react-native-reanimated:bundleLibRuntimeToDirDebug
> Task :expo-modules-core:bundleLibRuntimeToJarDebug
> Task :expo-modules-core:bundleLibCompileToJarDebug
> Task :react-native-vision-camera:compileDebugKotlin UP-TO-DATE
> Task :react-native-vision-camera:compileDebugJavaWithJavac UP-TO-DATE
> Task :react-native-vision-camera:bundleLibCompileToJarDebug UP-TO-DATE
> Task :react-native-vision-camera:bundleLibRuntimeToJarDebug UP-TO-DATE
> Task :react-native-vision-camera:processDebugJavaRes
> Task :react-native-vision-camera:bundleLibRuntimeToDirDebug UP-TO-DATE
> Task :react-native-screens:buildCMakeDebug[x86_64]
> Task :react-native-worklets-core:configureCMakeDebug[x86_64]
> Task :expo-modules-core:bundleLibRuntimeToDirDebug
> Task :react-native-gesture-handler:compileDebugKotlin
> Task :expo-constants:compileDebugKotlin
> Task :expo-log-box:compileDebugKotlin
> Task :vision-camera-face-detector:compileDebugJavaWithJavac
Note: C:\Users\hp\idea\MyApp\node_modules\vision-camera-face-detector\android\src\main\java\com\visioncamerafacedetector\VisionCameraFaceDetectorPluginPackage.java uses or overrides a deprecated API.
Note: Recompile with -Xlint:deprecation for details.

> Task :vision-camera-face-detector:bundleLibRuntimeToJarDebug
> Task :vision-camera-face-detector:bundleLibRuntimeToDirDebug
> Task :vision-camera-face-detector:bundleLibCompileToJarDebug
> Task :react-native-worklets:externalNativeBuildDebug

> Task :react-native-worklets-core:configureCMakeDebug[x86_64]
C/C++: CMake Error at CMakeLists.txt:24 (add_library):
C/C++:   Target "rnworklets" links to target "hermes-engine::libhermes" but the
C/C++:   target was not found.  Perhaps a find_package() call is missing for an
C/C++:   IMPORTED target, or an ALIAS target is missing?
C/C++: CMake Generate step failed.  Build files cannot be regenerated correctly.

> Task :react-native-worklets-core:configureCMakeDebug[x86_64] FAILED

> Task :expo-constants:compileDebugKotlin
w: file:///C:/Users/hp/idea/MyApp/node_modules/expo-constants/android/src/main/java/expo/modules/constants/ConstantsModule.kt:13:5 'fun Constants(legacyConstantsProvider: () -> Map<String, Any?>): Unit' is deprecated. Use `Constant` or `Property` instead.

> Task :react-native-gesture-handler:compileDebugKotlin
w: file:///C:/Users/hp/idea/MyApp/node_modules/react-native-gesture-handler/android/src/main/java/com/swmansion/gesturehandler/react/Extensions.kt:8:8 'class UIManagerModule : ReactContextBaseJavaModule, LifecycleEventListener, UIManager' is deprecated. Deprecated in Java.
w: file:///C:/Users/hp/idea/MyApp/node_modules/react-native-gesture-handler/android/src/main/java/com/swmansion/gesturehandler/react/Extensions.kt:13:29 'class UIManagerModule : ReactContextBaseJavaModule, LifecycleEventListener, UIManager' is deprecated. Deprecated in Java.
w: file:///C:/Users/hp/idea/MyApp/node_modules/react-native-gesture-handler/android/src/main/java/com/swmansion/gesturehandler/react/Extensions.kt:14:32 'class UIManagerModule : ReactContextBaseJavaModule, LifecycleEventListener, UIManager' is deprecated. Deprecated in Java.

[Incubating] Problems report is available at: file:///C:/Users/hp/idea/MyApp/android/build/reports/problems/problems-report.html

FAILURE: Build failed with an exception.

* What went wrong:
Execution failed for task ':react-native-worklets-core:configureCMakeDebug[x86_64]'.
> [CXX1429] error when building with cmake using C:\Users\hp\idea\MyApp\node_modules\react-native-worklets-core\android\CMakeLists.txt: -- The C compiler identification is Clang 18.0.1
  -- The CXX compiler identification is Clang 18.0.1
  -- Detecting C compiler ABI info
  -- Detecting C compiler ABI info - done
  -- Check for working C compiler: C:/Users/hp/AppData/Local/Android/Sdk/ndk/27.0.12077973/toolchains/llvm/prebuilt/windows-x86_64/bin/clang.exe - skipped
  -- Detecting C compile features
  -- Detecting C compile features - done
  -- Detecting CXX compiler ABI info
  -- Detecting CXX compiler ABI info - done
  -- Check for working CXX compiler: C:/Users/hp/AppData/Local/Android/Sdk/ndk/27.0.12077973/toolchains/llvm/prebuilt/windows-x86_64/bin/clang++.exe - skipped
  -- Detecting CXX compile features
  -- Detecting CXX compile features - done
  -- Configuring done
  -- Generating done
  
  C++ build system [configure] failed while executing:
      @echo off
      "C:\\Users\\hp\\AppData\\Local\\Android\\Sdk\\cmake\\3.22.1\\bin\\cmake.exe" ^
        "-HC:\\Users\\hp\\idea\\MyApp\\node_modules\\react-native-worklets-core\\android" ^
        "-DCMAKE_SYSTEM_NAME=Android" ^
        "-DCMAKE_EXPORT_COMPILE_COMMANDS=ON" ^
        "-DCMAKE_SYSTEM_VERSION=24" ^
        "-DANDROID_PLATFORM=android-24" ^
        "-DANDROID_ABI=x86_64" ^
        "-DCMAKE_ANDROID_ARCH_ABI=x86_64" ^
        "-DANDROID_NDK=C:\\Users\\hp\\AppData\\Local\\Android\\Sdk\\ndk\\27.0.12077973" ^
        "-DCMAKE_ANDROID_NDK=C:\\Users\\hp\\AppData\\Local\\Android\\Sdk\\ndk\\27.0.12077973" ^
        "-DCMAKE_TOOLCHAIN_FILE=C:\\Users\\hp\\AppData\\Local\\Android\\Sdk\\ndk\\27.0.12077973\\build\\cmake\\android.toolchain.cmake" ^
        "-DCMAKE_MAKE_PROGRAM=C:\\Users\\hp\\AppData\\Local\\Android\\Sdk\\cmake\\3.22.1\\bin\\ninja.exe" ^
        "-DCMAKE_LIBRARY_OUTPUT_DIRECTORY=C:\\Users\\hp\\idea\\MyApp\\node_modules\\react-native-worklets-core\\android\\build\\intermediates\\cxx\\Debug\\491w456p\\obj\\x86_64" ^
        "-DCMAKE_RUNTIME_OUTPUT_DIRECTORY=C:\\Users\\hp\\idea\\MyApp\\node_modules\\react-native-worklets-core\\android\\build\\intermediates\\cxx\\Debug\\491w456p\\obj\\x86_64" ^
        "-DCMAKE_BUILD_TYPE=Debug" ^
        "-DCMAKE_FIND_ROOT_PATH=C:\\Users\\hp\\idea\\MyApp\\node_modules\\react-native-worklets-core\\android\\.cxx\\Debug\\491w456p\\prefab\\x86_64\\prefab" ^
        "-BC:\\Users\\hp\\idea\\MyApp\\node_modules\\react-native-worklets-core\\android\\.cxx\\Debug\\491w456p\\x86_64" ^
        -GNinja ^
        "-DANDROID_STL=c++_shared" ^
        "-DANDROID_TOOLCHAIN=clang" ^
        "-DREACT_NATIVE_DIR=C:\\Users\\hp\\idea\\MyApp\\node_modules/react-native" ^
        "-DJS_RUNTIME=hermes" ^
        "-DANDROID_SUPPORT_FLEXIBLE_PAGE_SIZES=ON" ^
        "-DHERMES_ENABLE_DEBUGGER=1"
    from C:\Users\hp\idea\MyApp\node_modules\react-native-worklets-core\android
  CMake Error at CMakeLists.txt:24 (add_library):
    Target "rnworklets" links to target "hermes-engine::libhermes" but the
    target was not found.  Perhaps a find_package() call is missing for an
    IMPORTED target, or an ALIAS target is missing?
  
  
  CMake Generate step failed.  Build files cannot be regenerated correctly. : com.android.ide.common.process.ProcessException: -- The C compiler identification is Clang 18.0.1
  -- The CXX compiler identification is Clang 18.0.1
  -- Detecting C compiler ABI info
  -- Detecting C compiler ABI info - done
  -- Check for working C compiler: C:/Users/hp/AppData/Local/Android/Sdk/ndk/27.0.12077973/toolchains/llvm/prebuilt/windows-x86_64/bin/clang.exe - skipped
  -- Detecting C compile features
  -- Detecting C compile features - done
  -- Detecting CXX compiler ABI info
  -- Detecting CXX compiler ABI info - done
  -- Check for working CXX compiler: C:/Users/hp/AppData/Local/Android/Sdk/ndk/27.0.12077973/toolchains/llvm/prebuilt/windows-x86_64/bin/clang++.exe - skipped
  -- Detecting CXX compile features
  -- Detecting CXX compile features - done
  -- Configuring done
  -- Generating done
  
  C++ build system [configure] failed while executing:
      @echo off
      "C:\\Users\\hp\\AppData\\Local\\Android\\Sdk\\cmake\\3.22.1\\bin\\cmake.exe" ^
        "-HC:\\Users\\hp\\idea\\MyApp\\node_modules\\react-native-worklets-core\\android" ^
        "-DCMAKE_SYSTEM_NAME=Android" ^
        "-DCMAKE_EXPORT_COMPILE_COMMANDS=ON" ^
        "-DCMAKE_SYSTEM_VERSION=24" ^
        "-DANDROID_PLATFORM=android-24" ^
        "-DANDROID_ABI=x86_64" ^
        "-DCMAKE_ANDROID_ARCH_ABI=x86_64" ^
        "-DANDROID_NDK=C:\\Users\\hp\\AppData\\Local\\Android\\Sdk\\ndk\\27.0.12077973" ^
        "-DCMAKE_ANDROID_NDK=C:\\Users\\hp\\AppData\\Local\\Android\\Sdk\\ndk\\27.0.12077973" ^
        "-DCMAKE_TOOLCHAIN_FILE=C:\\Users\\hp\\AppData\\Local\\Android\\Sdk\\ndk\\27.0.12077973\\build\\cmake\\android.toolchain.cmake" ^
        "-DCMAKE_MAKE_PROGRAM=C:\\Users\\hp\\AppData\\Local\\Android\\Sdk\\cmake\\3.22.1\\bin\\ninja.exe" ^
        "-DCMAKE_LIBRARY_OUTPUT_DIRECTORY=C:\\Users\\hp\\idea\\MyApp\\node_modules\\react-native-worklets-core\\android\\build\\intermediates\\cxx\\Debug\\491w456p\\obj\\x86_64" ^
        "-DCMAKE_RUNTIME_OUTPUT_DIRECTORY=C:\\Users\\hp\\idea\\MyApp\\node_modules\\react-native-worklets-core\\android\\build\\intermediates\\cxx\\Debug\\491w456p\\obj\\x86_64" ^
        "-DCMAKE_BUILD_TYPE=Debug" ^
        "-DCMAKE_FIND_ROOT_PATH=C:\\Users\\hp\\idea\\MyApp\\node_modules\\react-native-worklets-core\\android\\.cxx\\Debug\\491w456p\\prefab\\x86_64\\prefab" ^
        "-BC:\\Users\\hp\\idea\\MyApp\\node_modules\\react-native-worklets-core\\android\\.cxx\\Debug\\491w456p\\x86_64" ^
        -GNinja ^
        "-DANDROID_STL=c++_shared" ^
        "-DANDROID_TOOLCHAIN=clang" ^
        "-DREACT_NATIVE_DIR=C:\\Users\\hp\\idea\\MyApp\\node_modules/react-native" ^
        "-DJS_RUNTIME=hermes" ^
        "-DANDROID_SUPPORT_FLEXIBLE_PAGE_SIZES=ON" ^
        "-DHERMES_ENABLE_DEBUGGER=1"
    from C:\Users\hp\idea\MyApp\node_modules\react-native-worklets-core\android
  CMake Error at CMakeLists.txt:24 (add_library):
    Target "rnworklets" links to target "hermes-engine::libhermes" but the
    target was not found.  Perhaps a find_package() call is missing for an
    IMPORTED target, or an ALIAS target is missing?
  
  
  CMake Generate step failed.  Build files cannot be regenerated correctly.
  	at com.android.build.gradle.internal.cxx.process.ExecuteProcessKt.execute(ExecuteProcess.kt:288)
  	at com.android.build.gradle.internal.cxx.process.ExecuteProcessKt$executeProcess$1.invoke(ExecuteProcess.kt:108)
  	at com.android.build.gradle.internal.cxx.process.ExecuteProcessKt$executeProcess$1.invoke(ExecuteProcess.kt:106)
  	at com.android.build.gradle.internal.cxx.timing.TimingEnvironmentKt.time(TimingEnvironment.kt:32)
  	at com.android.build.gradle.internal.cxx.process.ExecuteProcessKt.executeProcess(ExecuteProcess.kt:106)
  	at com.android.build.gradle.internal.cxx.process.ExecuteProcessKt.executeProcess$default(ExecuteProcess.kt:85)
  	at com.android.build.gradle.tasks.CmakeQueryMetadataGenerator.executeProcess(CmakeFileApiMetadataGenerator.kt:59)
  	at com.android.build.gradle.tasks.ExternalNativeJsonGenerator$configureOneAbi$1$1$3.invoke(ExternalNativeJsonGenerator.kt:247)
  	at com.android.build.gradle.tasks.ExternalNativeJsonGenerator$configureOneAbi$1$1$3.invoke(ExternalNativeJsonGenerator.kt:247)
  	at com.android.build.gradle.internal.cxx.timing.TimingEnvironmentKt.time(TimingEnvironment.kt:32)
  	at com.android.build.gradle.tasks.ExternalNativeJsonGenerator.configureOneAbi(ExternalNativeJsonGenerator.kt:247)
  	at com.android.build.gradle.tasks.ExternalNativeJsonGenerator.configure(ExternalNativeJsonGenerator.kt:113)
  	at com.android.build.gradle.tasks.ExternalNativeBuildJsonTask.doTaskAction(ExternalNativeBuildJsonTask.kt:89)
  	at com.android.build.gradle.internal.tasks.UnsafeOutputsTask$taskAction$$inlined$recordTaskAction$1.invoke(BaseTask.kt:59)
  	at com.android.build.gradle.internal.tasks.Blocks.recordSpan(Blocks.java:51)
  	at com.android.build.gradle.internal.tasks.UnsafeOutputsTask.taskAction(UnsafeOutputsTask.kt:81)
  	at java.base/jdk.internal.reflect.NativeMethodAccessorImpl.invoke0(Native Method)
  	at java.base/jdk.internal.reflect.NativeMethodAccessorImpl.invoke(NativeMethodAccessorImpl.java:77)
  	at java.base/jdk.internal.reflect.DelegatingMethodAccessorImpl.invoke(DelegatingMethodAccessorImpl.java:43)
  	at java.base/java.lang.reflect.Method.invoke(Method.java:568)
  	at org.gradle.internal.reflect.JavaMethod.invoke(JavaMethod.java:125)
  	at org.gradle.api.internal.project.taskfactory.StandardTaskAction.doExecute(StandardTaskAction.java:58)
  	at org.gradle.api.internal.project.taskfactory.StandardTaskAction.execute(StandardTaskAction.java:51)
  	at org.gradle.api.internal.project.taskfactory.StandardTaskAction.execute(StandardTaskAction.java:29)
  	at org.gradle.api.internal.tasks.execution.TaskExecution$3.run(TaskExecution.java:259)
  	at org.gradle.internal.operations.DefaultBuildOperationRunner$1.execute(DefaultBuildOperationRunner.java:29)
  	at org.gradle.internal.operations.DefaultBuildOperationRunner$1.execute(DefaultBuildOperationRunner.java:26)
  	at org.gradle.internal.operations.DefaultBuildOperationRunner$2.execute(DefaultBuildOperationRunner.java:66)
  	at org.gradle.internal.operations.DefaultBuildOperationRunner$2.execute(DefaultBuildOperationRunner.java:59)
  	at org.gradle.internal.operations.DefaultBuildOperationRunner.execute(DefaultBuildOperationRunner.java:166)
  	at org.gradle.internal.operations.DefaultBuildOperationRunner.execute(DefaultBuildOperationRunner.java:59)
  	at org.gradle.internal.operations.DefaultBuildOperationRunner.run(DefaultBuildOperationRunner.java:47)
  	at org.gradle.api.internal.tasks.execution.TaskExecution.executeAction(TaskExecution.java:244)
  	at org.gradle.api.internal.tasks.execution.TaskExecution.executeActions(TaskExecution.java:227)
  	at org.gradle.api.internal.tasks.execution.TaskExecution.executeWithPreviousOutputFiles(TaskExecution.java:210)
  	at org.gradle.api.internal.tasks.execution.TaskExecution.execute(TaskExecution.java:176)
  	at org.gradle.internal.execution.steps.ExecuteStep.executeInternal(ExecuteStep.java:110)
  	at org.gradle.internal.execution.steps.ExecuteStep.access$000(ExecuteStep.java:47)
  	at org.gradle.internal.execution.steps.ExecuteStep$1.call(ExecuteStep.java:64)
  	at org.gradle.internal.execution.steps.ExecuteStep$1.call(ExecuteStep.java:61)
  	at org.gradle.internal.operations.DefaultBuildOperationRunner$CallableBuildOperationWorker.execute(DefaultBuildOperationRunner.java:209)
  	at org.gradle.internal.operations.DefaultBuildOperationRunner$CallableBuildOperationWorker.execute(DefaultBuildOperationRunner.java:204)
  	at org.gradle.internal.operations.DefaultBuildOperationRunner$2.execute(DefaultBuildOperationRunner.java:66)
  	at org.gradle.internal.operations.DefaultBuildOperationRunner$2.execute(DefaultBuildOperationRunner.java:59)
  	at org.gradle.internal.operations.DefaultBuildOperationRunner.execute(DefaultBuildOperationRunner.java:166)
  	at org.gradle.internal.operations.DefaultBuildOperationRunner.execute(DefaultBuildOperationRunner.java:59)
  	at org.gradle.internal.operations.DefaultBuildOperationRunner.call(DefaultBuildOperationRunner.java:53)
  	at org.gradle.internal.execution.steps.ExecuteStep.execute(ExecuteStep.java:61)
  	at org.gradle.internal.execution.steps.ExecuteStep.execute(ExecuteStep.java:47)
  	at org.gradle.internal.execution.steps.CancelExecutionStep.execute(CancelExecutionStep.java:42)
  	at org.gradle.internal.execution.steps.TimeoutStep.executeWithoutTimeout(TimeoutStep.java:75)
  	at org.gradle.internal.execution.steps.TimeoutStep.execute(TimeoutStep.java:55)
  	at org.gradle.internal.execution.steps.PreCreateOutputParentsStep.execute(PreCreateOutputParentsStep.java:51)
  	at org.gradle.internal.execution.steps.PreCreateOutputParentsStep.execute(PreCreateOutputParentsStep.java:29)
  	at org.gradle.internal.execution.steps.RemovePreviousOutputsStep.executeMutable(RemovePreviousOutputsStep.java:70)
  	at org.gradle.internal.execution.steps.RemovePreviousOutputsStep.executeMutable(RemovePreviousOutputsStep.java:40)
  	at org.gradle.internal.execution.steps.MutableStep.execute(MutableStep.java:25)
  	at org.gradle.internal.execution.steps.BroadcastChangingOutputsStep.execute(BroadcastChangingOutputsStep.java:62)
  	at org.gradle.internal.execution.steps.BroadcastChangingOutputsStep.execute(BroadcastChangingOutputsStep.java:27)
  	at org.gradle.internal.execution.steps.CaptureOutputsAfterExecutionStep.execute(CaptureOutputsAfterExecutionStep.java:69)
  	at org.gradle.internal.execution.steps.CaptureOutputsAfterExecutionStep.execute(CaptureOutputsAfterExecutionStep.java:46)
  	at org.gradle.internal.execution.steps.ResolveInputChangesStep.executeMutable(ResolveInputChangesStep.java:39)
  	at org.gradle.internal.execution.steps.ResolveInputChangesStep.executeMutable(ResolveInputChangesStep.java:28)
  	at org.gradle.internal.execution.steps.MutableStep.execute(MutableStep.java:25)
  	at org.gradle.internal.execution.steps.BuildCacheStep.executeWithoutCache(BuildCacheStep.java:192)
  	at org.gradle.internal.execution.steps.BuildCacheStep.lambda$execute$1(BuildCacheStep.java:76)
  	at org.gradle.internal.Either$Right.fold(Either.java:176)
  	at org.gradle.internal.execution.caching.CachingState.fold(CachingState.java:62)
  	at org.gradle.internal.execution.steps.BuildCacheStep.execute(BuildCacheStep.java:74)
  	at org.gradle.internal.execution.steps.BuildCacheStep.execute(BuildCacheStep.java:49)
  	at org.gradle.internal.execution.steps.StoreExecutionStateStep.execute(StoreExecutionStateStep.java:46)
  	at org.gradle.internal.execution.steps.StoreExecutionStateStep.execute(StoreExecutionStateStep.java:35)
  	at org.gradle.internal.execution.steps.SkipUpToDateStep.executeBecause(SkipUpToDateStep.java:75)
  	at org.gradle.internal.execution.steps.SkipUpToDateStep.lambda$execute$2(SkipUpToDateStep.java:53)
  	at java.base/java.util.Optional.orElseGet(Optional.java:364)
  	at org.gradle.internal.execution.steps.SkipUpToDateStep.execute(SkipUpToDateStep.java:53)
  	at org.gradle.internal.execution.steps.SkipUpToDateStep.execute(SkipUpToDateStep.java:35)
  	at org.gradle.internal.execution.steps.legacy.MarkSnapshottingInputsFinishedStep.execute(MarkSnapshottingInputsFinishedStep.java:37)
  	at org.gradle.internal.execution.steps.legacy.MarkSnapshottingInputsFinishedStep.execute(MarkSnapshottingInputsFinishedStep.java:27)
  	at org.gradle.internal.execution.steps.ResolveIncrementalCachingStateStep.executeDelegate(ResolveIncrementalCachingStateStep.java:49)
  	at org.gradle.internal.execution.steps.ResolveIncrementalCachingStateStep.executeDelegate(ResolveIncrementalCachingStateStep.java:27)
  	at org.gradle.internal.execution.steps.AbstractResolveCachingStateStep.execute(AbstractResolveCachingStateStep.java:71)
  	at org.gradle.internal.execution.steps.AbstractResolveCachingStateStep.execute(AbstractResolveCachingStateStep.java:39)
  	at org.gradle.internal.execution.steps.ResolveChangesStep.executeMutable(ResolveChangesStep.java:63)
  	at org.gradle.internal.execution.steps.ResolveChangesStep.executeMutable(ResolveChangesStep.java:34)
  	at org.gradle.internal.execution.steps.MutableStep.execute(MutableStep.java:25)
  	at org.gradle.internal.execution.steps.ValidateStep.execute(ValidateStep.java:64)
  	at org.gradle.internal.execution.steps.ValidateStep.execute(ValidateStep.java:42)
  	at org.gradle.internal.execution.steps.AbstractCaptureStateBeforeExecutionStep.execute(AbstractCaptureStateBeforeExecutionStep.java:77)
  	at org.gradle.internal.execution.steps.AbstractCaptureStateBeforeExecutionStep.execute(AbstractCaptureStateBeforeExecutionStep.java:46)
  	at org.gradle.internal.execution.steps.AbstractSkipEmptyWorkStep.executeWithNonEmptySources(AbstractSkipEmptyWorkStep.java:133)
  	at org.gradle.internal.execution.steps.AbstractSkipEmptyWorkStep.execute(AbstractSkipEmptyWorkStep.java:59)
  	at org.gradle.internal.execution.steps.AbstractSkipEmptyWorkStep.execute(AbstractSkipEmptyWorkStep.java:36)
  	at org.gradle.internal.execution.steps.legacy.MarkSnapshottingInputsStartedStep.execute(MarkSnapshottingInputsStartedStep.java:38)
  	at org.gradle.internal.execution.steps.LoadPreviousExecutionStateStep.execute(LoadPreviousExecutionStateStep.java:36)
  	at org.gradle.internal.execution.steps.LoadPreviousExecutionStateStep.execute(LoadPreviousExecutionStateStep.java:23)
  	at org.gradle.internal.execution.steps.HandleStaleOutputsStep.executeMutable(HandleStaleOutputsStep.java:77)
  	at org.gradle.internal.execution.steps.HandleStaleOutputsStep.executeMutable(HandleStaleOutputsStep.java:43)
  	at org.gradle.internal.execution.steps.MutableStep.execute(MutableStep.java:25)
  	at org.gradle.internal.execution.steps.AssignMutableWorkspaceStep.lambda$execute$0(AssignMutableWorkspaceStep.java:35)
  	at org.gradle.api.internal.tasks.execution.TaskExecution$4.withWorkspace(TaskExecution.java:305)
  	at org.gradle.internal.execution.steps.AssignMutableWorkspaceStep.execute(AssignMutableWorkspaceStep.java:31)
  	at org.gradle.internal.execution.steps.AssignMutableWorkspaceStep.execute(AssignMutableWorkspaceStep.java:22)
  	at org.gradle.internal.execution.steps.ChoosePipelineStep.execute(ChoosePipelineStep.java:40)
  	at org.gradle.internal.execution.steps.ChoosePipelineStep.execute(ChoosePipelineStep.java:23)
  	at org.gradle.internal.execution.steps.ExecuteWorkBuildOperationFiringStep.lambda$execute$2(ExecuteWorkBuildOperationFiringStep.java:67)
  	at java.base/java.util.Optional.orElseGet(Optional.java:364)
  	at org.gradle.internal.execution.steps.ExecuteWorkBuildOperationFiringStep.execute(ExecuteWorkBuildOperationFiringStep.java:67)
  	at org.gradle.internal.execution.steps.ExecuteWorkBuildOperationFiringStep.execute(ExecuteWorkBuildOperationFiringStep.java:39)
  	at org.gradle.internal.execution.steps.IdentityCacheStep.execute(IdentityCacheStep.java:46)
  	at org.gradle.internal.execution.steps.IdentityCacheStep.execute(IdentityCacheStep.java:34)
  	at org.gradle.internal.execution.steps.IdentifyStep.execute(IdentifyStep.java:44)
  	at org.gradle.internal.execution.steps.IdentifyStep.execute(IdentifyStep.java:31)
  	at org.gradle.internal.execution.impl.DefaultExecutionEngine$1.execute(DefaultExecutionEngine.java:68)
  	at org.gradle.api.internal.tasks.execution.ExecuteActionsTaskExecuter.executeIfValid(ExecuteActionsTaskExecuter.java:132)
  	at org.gradle.api.internal.tasks.execution.ExecuteActionsTaskExecuter.execute(ExecuteActionsTaskExecuter.java:121)
  	at org.gradle.api.internal.tasks.execution.ProblemsTaskPathTrackingTaskExecuter.execute(ProblemsTaskPathTrackingTaskExecuter.java:41)
  	at org.gradle.api.internal.tasks.execution.FinalizePropertiesTaskExecuter.execute(FinalizePropertiesTaskExecuter.java:46)
  	at org.gradle.api.internal.tasks.execution.ResolveTaskExecutionModeExecuter.execute(ResolveTaskExecutionModeExecuter.java:51)
  	at org.gradle.api.internal.tasks.execution.SkipTaskWithNoActionsExecuter.execute(SkipTaskWithNoActionsExecuter.java:57)
  	at org.gradle.api.internal.tasks.execution.SkipOnlyIfTaskExecuter.execute(SkipOnlyIfTaskExecuter.java:74)
  	at org.gradle.api.internal.tasks.execution.CatchExceptionTaskExecuter.execute(CatchExceptionTaskExecuter.java:36)
  	at org.gradle.api.internal.tasks.execution.EventFiringTaskExecuter$1.executeTask(EventFiringTaskExecuter.java:77)
  	at org.gradle.api.internal.tasks.execution.EventFiringTaskExecuter$1.call(EventFiringTaskExecuter.java:55)
  	at org.gradle.api.internal.tasks.execution.EventFiringTaskExecuter$1.call(EventFiringTaskExecuter.java:52)
  	at org.gradle.internal.operations.DefaultBuildOperationRunner$CallableBuildOperationWorker.execute(DefaultBuildOperationRunner.java:209)
  	at org.gradle.internal.operations.DefaultBuildOperationRunner$CallableBuildOperationWorker.execute(DefaultBuildOperationRunner.java:204)
  	at org.gradle.internal.operations.DefaultBuildOperationRunner$2.execute(DefaultBuildOperationRunner.java:66)
  	at org.gradle.internal.operations.DefaultBuildOperationRunner$2.execute(DefaultBuildOperationRunner.java:59)
  	at org.gradle.internal.operations.DefaultBuildOperationRunner.execute(DefaultBuildOperationRunner.java:166)
  	at org.gradle.internal.operations.DefaultBuildOperationRunner.execute(DefaultBuildOperationRunner.java:59)
  	at org.gradle.internal.operations.DefaultBuildOperationRunner.call(DefaultBuildOperationRunner.java:53)
  	at org.gradle.api.internal.tasks.execution.EventFiringTaskExecuter.execute(EventFiringTaskExecuter.java:52)
  	at org.gradle.execution.plan.DefaultNodeExecutor.executeLocalTaskNode(DefaultNodeExecutor.java:55)
  	at org.gradle.execution.plan.DefaultNodeExecutor.execute(DefaultNodeExecutor.java:34)
  	at org.gradle.execution.taskgraph.DefaultTaskExecutionGraph$InvokeNodeExecutorsAction.execute(DefaultTaskExecutionGraph.java:355)
  	at org.gradle.execution.taskgraph.DefaultTaskExecutionGraph$InvokeNodeExecutorsAction.execute(DefaultTaskExecutionGraph.java:343)
  	at org.gradle.execution.taskgraph.DefaultTaskExecutionGraph$BuildOperationAwareExecutionAction.lambda$execute$0(DefaultTaskExecutionGraph.java:339)
  	at org.gradle.internal.operations.CurrentBuildOperationRef.with(CurrentBuildOperationRef.java:84)
  	at org.gradle.execution.taskgraph.DefaultTaskExecutionGraph$BuildOperationAwareExecutionAction.execute(DefaultTaskExecutionGraph.java:339)
  	at org.gradle.execution.taskgraph.DefaultTaskExecutionGraph$BuildOperationAwareExecutionAction.execute(DefaultTaskExecutionGraph.java:328)
  	at org.gradle.execution.plan.DefaultPlanExecutor$ExecutorWorker.execute(DefaultPlanExecutor.java:459)
  	at org.gradle.execution.plan.DefaultPlanExecutor$ExecutorWorker.run(DefaultPlanExecutor.java:376)
  	at org.gradle.internal.concurrent.ExecutorPolicy$CatchAndRecordFailures.onExecute(ExecutorPolicy.java:64)
  	at org.gradle.internal.concurrent.AbstractManagedExecutor$1.run(AbstractManagedExecutor.java:47)
  	at java.base/java.util.concurrent.ThreadPoolExecutor.runWorker(ThreadPoolExecutor.java:1136)
  	at java.base/java.util.concurrent.ThreadPoolExecutor$Worker.run(ThreadPoolExecutor.java:635)
  	at java.base/java.lang.Thread.run(Thread.java:842)
  Caused by: com.android.ide.common.process.ProcessException: Error while executing process C:\Users\hp\AppData\Local\Android\Sdk\cmake\3.22.1\bin\cmake.exe with arguments {-HC:\Users\hp\idea\MyApp\node_modules\react-native-worklets-core\android -DCMAKE_SYSTEM_NAME=Android -DCMAKE_EXPORT_COMPILE_COMMANDS=ON -DCMAKE_SYSTEM_VERSION=24 -DANDROID_PLATFORM=android-24 -DANDROID_ABI=x86_64 -DCMAKE_ANDROID_ARCH_ABI=x86_64 -DANDROID_NDK=C:\Users\hp\AppData\Local\Android\Sdk\ndk\27.0.12077973 -DCMAKE_ANDROID_NDK=C:\Users\hp\AppData\Local\Android\Sdk\ndk\27.0.12077973 -DCMAKE_TOOLCHAIN_FILE=C:\Users\hp\AppData\Local\Android\Sdk\ndk\27.0.12077973\build\cmake\android.toolchain.cmake -DCMAKE_MAKE_PROGRAM=C:\Users\hp\AppData\Local\Android\Sdk\cmake\3.22.1\bin\ninja.exe -DCMAKE_LIBRARY_OUTPUT_DIRECTORY=C:\Users\hp\idea\MyApp\node_modules\react-native-worklets-core\android\build\intermediates\cxx\Debug\491w456p\obj\x86_64 -DCMAKE_RUNTIME_OUTPUT_DIRECTORY=C:\Users\hp\idea\MyApp\node_modules\react-native-worklets-core\android\build\intermediates\cxx\Debug\491w456p\obj\x86_64 -DCMAKE_BUILD_TYPE=Debug -DCMAKE_FIND_ROOT_PATH=C:\Users\hp\idea\MyApp\node_modules\react-native-worklets-core\android\.cxx\Debug\491w456p\prefab\x86_64\prefab -BC:\Users\hp\idea\MyApp\node_modules\react-native-worklets-core\android\.cxx\Debug\491w456p\x86_64 -GNinja -DANDROID_STL=c++_shared -DANDROID_TOOLCHAIN=clang -DREACT_NATIVE_DIR=C:\Users\hp\idea\MyApp\node_modules/react-native -DJS_RUNTIME=hermes -DANDROID_SUPPORT_FLEXIBLE_PAGE_SIZES=ON -DHERMES_ENABLE_DEBUGGER=1}
  	at com.android.build.gradle.internal.process.GradleProcessResult.buildProcessException(GradleProcessResult.java:73)
  	at com.android.build.gradle.internal.process.GradleProcessResult.assertNormalExitValue(GradleProcessResult.java:48)
  	at com.android.build.gradle.internal.cxx.process.ExecuteProcessKt.execute(ExecuteProcess.kt:277)
  	... 147 more
  Caused by: org.gradle.process.ProcessExecutionException: Process 'command 'C:\Users\hp\AppData\Local\Android\Sdk\cmake\3.22.1\bin\cmake.exe'' finished with non-zero exit value 1
  	at org.gradle.process.internal.DefaultExecHandle$ExecResultImpl.assertNormalExitValue(DefaultExecHandle.java:454)
  	at com.android.build.gradle.internal.process.GradleProcessResult.assertNormalExitValue(GradleProcessResult.java:46)
  	... 148 more


* Try:
> Run with --stacktrace option to get the stack trace.
> Run with --info or --debug option to get more log output.
> Run with --scan to get full insights from a Build Scan (powered by Develocity).
> Get more help at https://help.gradle.org.

Deprecated Gradle features were used in this build, making it incompatible with Gradle 10.

You can use '--warning-mode all' to show the individual deprecation warnings and determine if they come from your own scripts or plugins.

For more on this, please refer to https://docs.gradle.org/9.3.1/userguide/command_line_interface.html#sec:command_line_warnings in the Gradle documentation.

BUILD FAILED in 10m 52s
350 actionable tasks: 75 executed, 275 up-to-date
Error: C:\Users\hp\idea\MyApp\android\gradlew.bat app:assembleDebug -x lint -x test --configure-on-demand --build-cache -PreactNativeDevServerPort=8081 -PreactNativeArchitectures=x86_64 exited with non-zero code: 1
Error: C:\Users\hp\idea\MyApp\android\gradlew.bat app:assembleDebug -x lint -x test --configure-on-demand --build-cache -PreactNativeDevServerPort=8081 -PreactNativeArchitectures=x86_64 exited with non-zero code: 1
    at ChildProcess.completionListener (C:\Users\hp\idea\MyApp\node_modules\@expo\spawn-async\build\spawnAsync.js:113:23)
    at Object.onceWrapper (node:events:623:26)
    at ChildProcess.emit (node:events:508:28)
    at cp.emit (C:\Users\hp\idea\MyApp\node_modules\cross-spawn\lib\enoent.js:34:29)
    at ChildProcess._handle.onexit (node:internal/child_process:294:12)
    ...
    at spawnAsync (C:\Users\hp\idea\MyApp\node_modules\@expo\spawn-async\build\spawnAsync.js:9:23)
    at spawnGradleAsync (C:\Users\hp\idea\MyApp\node_modules\expo\node_modules\@expo\cli\build\src\start\platforms\android\gradle.js:107:48)
    at assembleAsync (C:\Users\hp\idea\MyApp\node_modules\expo\node_modules\@expo\cli\build\src\start\platforms\android\gradle.js:82:18)
    at runAndroidAsync (C:\Users\hp\idea\MyApp\node_modules\expo\node_modules\@expo\cli\build\src\run\android\runAndroidAsync.js:85:41)
